2025-11-19 20:39:05:472 [TID     9248][INFO   ] ** DMVCFramework Server ** build 3.4.3-aluminium-rc3 [dmvcframework]
2025-11-19 20:39:05:472 [TID     9248][INFO   ] Initializing default dotEnv instance [dmvcframework]
2025-11-19 20:39:05:472 [TID     9248][INFO   ] dotEnv: Path = D:\Projects\~samples2\DMVC-Swagger-Demo\Win32\Debug [dmvcframework]
2025-11-19 20:39:05:472 [TID     9248][INFO   ] dotEnv: Active profile/s priority = [default,test,prod] (Priority: FileThenEnv) [dmvcframework]
2025-11-19 20:39:05:472 [TID     9248][INFO   ] dotEnv: Missed file D:\Projects\~samples2\DMVC-Swagger-Demo\Win32\Debug\.env [dmvcframework]
2025-11-19 20:39:05:472 [TID     9248][INFO   ] dotEnv: Missed file D:\Projects\~samples2\DMVC-Swagger-Demo\Win32\Debug\.env.test [dmvcframework]
2025-11-19 20:39:05:472 [TID     9248][INFO   ] dotEnv: Missed file D:\Projects\~samples2\DMVC-Swagger-Demo\Win32\Debug\.env.prod [dmvcframework]
2025-11-19 20:39:05:493 [TID     9248][INFO   ] Listening on http://localhost:8080 [dmvcframework]
2025-11-19 20:39:05:493 [TID     9248][INFO   ] Application started. Press Ctrl+C to shut down. [dmvcframework]
2025-11-19 20:39:26:884 [TID     3948][INFO   ] Loading Config default values [dmvcframework]
2025-11-19 20:39:26:884 [TID     3948][INFO   ] Loading System Controllers [dmvcframework]
2025-11-19 20:39:26:884 [TID    12320][INFO   ] Loading Config default values [dmvcframework]
2025-11-19 20:39:26:884 [TID    12320][INFO   ] Loading System Controllers [dmvcframework]
2025-11-19 20:39:26:884 [TID     9096][INFO   ] Loading Config default values [dmvcframework]
2025-11-19 20:39:26:884 [TID     9096][INFO   ] Loading System Controllers [dmvcframework]
2025-11-19 20:39:26:914 [TID     1236][INFO   ] Loading Config default values [dmvcframework]
2025-11-19 20:39:26:914 [TID     1236][INFO   ] Loading System Controllers [dmvcframework]
2025-11-19 20:39:26:914 [TID     7292][INFO   ] Loading Config default values [dmvcframework]
2025-11-19 20:39:26:914 [TID     7292][INFO   ] Loading System Controllers [dmvcframework]
2025-11-19 20:39:26:937 [TID     3948][ERROR  ] [EMVCConfigException] ConnectionDefName "MyConnDef" not found in config file "C:\Users\Public\Documents\Embarcadero\Studio\FireDAC\FDConnectionDefs.ini" - or config file not present [PathInfo "GET /swagger/index.css"] - 500 Internal Server Error (Custom message: "") [dmvcframework]
2025-11-19 20:39:26:951 [TID     1236][WARNING] GET:/swagger/swagger-initializer.js [0:0:0:0:0:0:0:1] -> {ROUTE NOT FOUND} - 404 [dmvcframework]
2025-11-19 20:39:26:966 [TID     9096][WARNING] GET:/swagger/swagger-ui-bundle.js [0:0:0:0:0:0:0:1] -> {ROUTE NOT FOUND} - 404 [dmvcframework]
2025-11-19 20:39:26:966 [TID     7292][WARNING] GET:/swagger/swagger-ui-standalone-preset.js [0:0:0:0:0:0:0:1] -> {ROUTE NOT FOUND} - 404 [dmvcframework]
2025-11-19 20:39:26:985 [TID    12320][WARNING] GET:/swagger/swagger-ui.css [0:0:0:0:0:0:0:1] -> {ROUTE NOT FOUND} - 404 [dmvcframework]
2025-11-19 20:46:33:665 [TID     9800][INFO   ] ** DMVCFramework Server ** build 3.4.3-aluminium-rc3 [dmvcframework]
2025-11-19 20:46:33:665 [TID     9800][INFO   ] Initializing default dotEnv instance [dmvcframework]
2025-11-19 20:46:33:665 [TID     9800][INFO   ] dotEnv: Path = D:\Projects\~samples2\DMVC-Swagger-Demo\Win32\Debug [dmvcframework]
2025-11-19 20:46:33:665 [TID     9800][INFO   ] dotEnv: Active profile/s priority = [default,test,prod] (Priority: FileThenEnv) [dmvcframework]
2025-11-19 20:46:33:665 [TID     9800][INFO   ] dotEnv: Missed file D:\Projects\~samples2\DMVC-Swagger-Demo\Win32\Debug\.env [dmvcframework]
2025-11-19 20:46:33:665 [TID     9800][INFO   ] dotEnv: Missed file D:\Projects\~samples2\DMVC-Swagger-Demo\Win32\Debug\.env.test [dmvcframework]
2025-11-19 20:46:33:665 [TID     9800][INFO   ] dotEnv: Missed file D:\Projects\~samples2\DMVC-Swagger-Demo\Win32\Debug\.env.prod [dmvcframework]
2025-11-19 20:46:33:680 [TID     9800][INFO   ] Listening on http://localhost:8080 [dmvcframework]
2025-11-19 20:46:33:680 [TID     9800][INFO   ] Application started. Press Ctrl+C to shut down. [dmvcframework]
2025-11-19 20:46:42:638 [TID    12692][INFO   ] Loading Config default values [dmvcframework]
2025-11-19 20:46:42:638 [TID    12692][INFO   ] Loading System Controllers [dmvcframework]
2025-11-19 20:46:42:641 [TID    12692][ERROR  ] [EMVCConfigException] ConnectionDefName "MyConnDef" not found in config file "C:\Users\Public\Documents\Embarcadero\Studio\FireDAC\FDConnectionDefs.ini" - or config file not present [PathInfo "GET /swagger/"] - 500 Internal Server Error (Custom message: "") [dmvcframework]
2025-11-19 20:47:23:634 [TID      596][INFO   ] ** DMVCFramework Server ** build 3.4.3-aluminium-rc3 [dmvcframework]
2025-11-19 20:47:23:634 [TID      596][INFO   ] Initializing default dotEnv instance [dmvcframework]
2025-11-19 20:47:23:634 [TID      596][INFO   ] dotEnv: Path = D:\Projects\~samples2\DMVC-Swagger-Demo\Win32\Debug [dmvcframework]
2025-11-19 20:47:23:634 [TID      596][INFO   ] dotEnv: Active profile/s priority = [default,test,prod] (Priority: FileThenEnv) [dmvcframework]
2025-11-19 20:47:23:634 [TID      596][INFO   ] dotEnv: Missed file D:\Projects\~samples2\DMVC-Swagger-Demo\Win32\Debug\.env [dmvcframework]
2025-11-19 20:47:23:634 [TID      596][INFO   ] dotEnv: Missed file D:\Projects\~samples2\DMVC-Swagger-Demo\Win32\Debug\.env.test [dmvcframework]
2025-11-19 20:47:23:634 [TID      596][INFO   ] dotEnv: Missed file D:\Projects\~samples2\DMVC-Swagger-Demo\Win32\Debug\.env.prod [dmvcframework]
2025-11-19 20:47:23:650 [TID      596][INFO   ] Listening on http://localhost:8080 [dmvcframework]
2025-11-19 20:47:23:650 [TID      596][INFO   ] Application started. Press Ctrl+C to shut down. [dmvcframework]
2025-11-19 20:47:28:471 [TID     6444][INFO   ] Loading Config default values [dmvcframework]
2025-11-19 20:47:28:472 [TID     6444][INFO   ] Loading System Controllers [dmvcframework]
2025-11-19 20:47:28:474 [TID     6444][WARNING] GET:/swagger/ [0:0:0:0:0:0:0:1] -> {ROUTE NOT FOUND} - 404 [dmvcframework]
2025-11-19 20:47:29:898 [TID    12704][WARNING] GET:/swagger/ [0:0:0:0:0:0:0:1] -> {ROUTE NOT FOUND} - 404 [dmvcframework]
2025-11-19 20:47:30:350 [TID     3392][WARNING] GET:/swagger/ [0:0:0:0:0:0:0:1] -> {ROUTE NOT FOUND} - 404 [dmvcframework]
2025-11-19 20:47:30:523 [TID     9804][WARNING] GET:/swagger/ [0:0:0:0:0:0:0:1] -> {ROUTE NOT FOUND} - 404 [dmvcframework]
2025-11-19 20:47:30:710 [TID    10784][WARNING] GET:/swagger/ [0:0:0:0:0:0:0:1] -> {ROUTE NOT FOUND} - 404 [dmvcframework]
2025-11-19 20:48:34:446 [TID     9520][INFO   ] ** DMVCFramework Server ** build 3.4.3-aluminium-rc3 [dmvcframework]
2025-11-19 20:48:34:446 [TID     9520][INFO   ] Initializing default dotEnv instance [dmvcframework]
2025-11-19 20:48:34:446 [TID     9520][INFO   ] dotEnv: Path = D:\Projects\~samples2\DMVC-Swagger-Demo\Win32\Debug [dmvcframework]
2025-11-19 20:48:34:446 [TID     9520][INFO   ] dotEnv: Active profile/s priority = [default,test,prod] (Priority: FileThenEnv) [dmvcframework]
2025-11-19 20:48:34:446 [TID     9520][INFO   ] dotEnv: Missed file D:\Projects\~samples2\DMVC-Swagger-Demo\Win32\Debug\.env [dmvcframework]
2025-11-19 20:48:34:446 [TID     9520][INFO   ] dotEnv: Missed file D:\Projects\~samples2\DMVC-Swagger-Demo\Win32\Debug\.env.test [dmvcframework]
2025-11-19 20:48:34:446 [TID     9520][INFO   ] dotEnv: Missed file D:\Projects\~samples2\DMVC-Swagger-Demo\Win32\Debug\.env.prod [dmvcframework]
2025-11-19 20:48:34:464 [TID     9520][INFO   ] Listening on http://localhost:8080 [dmvcframework]
2025-11-19 20:48:34:464 [TID     9520][INFO   ] Application started. Press Ctrl+C to shut down. [dmvcframework]
2025-11-19 20:48:39:874 [TID     8708][INFO   ] Loading Config default values [dmvcframework]
2025-11-19 20:48:39:874 [TID     8708][INFO   ] Loading System Controllers [dmvcframework]
2025-11-19 20:48:39:899 [TID     8708][INFO   ] GET:/swagger/ [0:0:0:0:0:0:0:1] -> TMVCStaticFilesMiddleware - 200 OK [dmvcframework]
2025-11-19 20:48:40:015 [TID     8708][ERROR  ] [EInvalidCast] Invalid class typecast [PathInfo "GET /api/swagger.json"] - 500 Internal Server Error (Custom message: "Global Action Exception Handler") [dmvcframework]
2025-11-19 20:49:06:959 [TID    12240][INFO   ] ** DMVCFramework Server ** build 3.4.3-aluminium-rc3 [dmvcframework]
2025-11-19 20:49:06:959 [TID    12240][INFO   ] Initializing default dotEnv instance [dmvcframework]
2025-11-19 20:49:06:959 [TID    12240][INFO   ] dotEnv: Path = D:\Projects\~samples2\DMVC-Swagger-Demo\Win32\Debug [dmvcframework]
2025-11-19 20:49:06:959 [TID    12240][INFO   ] dotEnv: Active profile/s priority = [default,test,prod] (Priority: FileThenEnv) [dmvcframework]
2025-11-19 20:49:06:959 [TID    12240][INFO   ] dotEnv: Missed file D:\Projects\~samples2\DMVC-Swagger-Demo\Win32\Debug\.env [dmvcframework]
2025-11-19 20:49:06:959 [TID    12240][INFO   ] dotEnv: Missed file D:\Projects\~samples2\DMVC-Swagger-Demo\Win32\Debug\.env.test [dmvcframework]
2025-11-19 20:49:06:959 [TID    12240][INFO   ] dotEnv: Missed file D:\Projects\~samples2\DMVC-Swagger-Demo\Win32\Debug\.env.prod [dmvcframework]
2025-11-19 20:49:06:974 [TID    12240][INFO   ] Listening on http://localhost:8080 [dmvcframework]
2025-11-19 20:49:06:974 [TID    12240][INFO   ] Application started. Press Ctrl+C to shut down. [dmvcframework]
2025-11-19 20:49:10:212 [TID    11348][INFO   ] Loading Config default values [dmvcframework]
2025-11-19 20:49:10:212 [TID    11348][INFO   ] Loading System Controllers [dmvcframework]
2025-11-19 20:49:10:212 [TID    11348][INFO   ] GET:/swagger/ [0:0:0:0:0:0:0:1] -> TMVCStaticFilesMiddleware - 304 Not Modified [dmvcframework]
2025-11-19 20:49:10:299 [TID    11348][ERROR  ] [EInvalidCast] Invalid class typecast [PathInfo "GET /api/swagger.json"] - 500 Internal Server Error (Custom message: "Global Action Exception Handler") [dmvcframework]
2025-11-19 20:49:52:123 [TID    10136][INFO   ] ** DMVCFramework Server ** build 3.4.3-aluminium-rc3 [dmvcframework]
2025-11-19 20:49:52:123 [TID    10136][INFO   ] Initializing default dotEnv instance [dmvcframework]
2025-11-19 20:49:52:123 [TID    10136][INFO   ] dotEnv: Path = D:\Projects\~samples2\DMVC-Swagger-Demo\Win32\Debug [dmvcframework]
2025-11-19 20:49:52:123 [TID    10136][INFO   ] dotEnv: Active profile/s priority = [default,test,prod] (Priority: FileThenEnv) [dmvcframework]
2025-11-19 20:49:52:123 [TID    10136][INFO   ] dotEnv: Missed file D:\Projects\~samples2\DMVC-Swagger-Demo\Win32\Debug\.env [dmvcframework]
2025-11-19 20:49:52:123 [TID    10136][INFO   ] dotEnv: Missed file D:\Projects\~samples2\DMVC-Swagger-Demo\Win32\Debug\.env.test [dmvcframework]
2025-11-19 20:49:52:123 [TID    10136][INFO   ] dotEnv: Missed file D:\Projects\~samples2\DMVC-Swagger-Demo\Win32\Debug\.env.prod [dmvcframework]
2025-11-19 20:49:52:129 [TID    10136][INFO   ] Listening on http://localhost:8080 [dmvcframework]
2025-11-19 20:49:52:129 [TID    10136][INFO   ] Application started. Press Ctrl+C to shut down. [dmvcframework]
2025-11-19 20:49:57:281 [TID     3276][INFO   ] Loading Config default values [dmvcframework]
2025-11-19 20:49:57:281 [TID     3276][INFO   ] Loading System Controllers [dmvcframework]
2025-11-19 20:49:57:282 [TID     3276][INFO   ] GET:/swagger/ [0:0:0:0:0:0:0:1] -> TMVCStaticFilesMiddleware - 304 Not Modified [dmvcframework]
2025-11-19 20:49:57:351 [TID     3276][ERROR  ] [EInvalidCast] Invalid class typecast [PathInfo "GET /api/swagger.json"] - 500 Internal Server Error (Custom message: "Global Action Exception Handler") [dmvcframework]
